// Jest Snapshot v1, https://goo.gl/fbAQLP

exports[`Button component matches the snapshot 1`] = `
<DocumentFragment>
  <button
    class="btn btn-primary "
  />
</DocumentFragment>
`;
