// Jest Snapshot v1, https://goo.gl/fbAQLP

exports[`Button component Matches DOM Snapshot 1`] = `
<button
  className="btn btn-primary "
/>
`;
