// Jest Snapshot v1, https://goo.gl/fbAQLP

exports[`Progress Component should match snapshot 1`] = `
<DocumentFragment>
  <div
    class="radial-progress bg-primary text-primary-content border-4 border-primary"
    role="progressbar"
    style="--value: 50;"
  >
    50%
  </div>
</DocumentFragment>
`;
